Option invalide : -g
Le graphe n'a pas été crée, il faut donner un nom au fichier.dot
