Entrez l'URL du serveur à analyser (de http à .extension) : /temps/FondInsa.jpg (9 hits)
