Erreur : Le fichier que vous tentez d'utiliser est vide