Il n'y a pas assez d'arguments : indiquez au moins le chemin vers le fichier
