/temps/3IF38.html (4 hits)
/SiteWebIF/Intranet-etudiant.php (4 hits)
/favicon.ico (3 hits)
/temps/3IF39.html (3 hits)
/temps/3IF37.html (3 hits)
/temps/FondInsa.jpg (2 hits)
/temps/ (2 hits)
/temps/suivant.gif (2 hits)
/temps/style_emploi_du_temps.css (2 hits)
/temps/precedent.gif (2 hits)
