Entrez l'URL du serveur à analyser (de http à .extension) : 