/temps/3IF38.html (4 hits)
/temps/3IF37.html (3 hits)
/temps/3IF39.html (3 hits)
/temps/3IF40.html (1 hits)
/temps/3IF42.html (1 hits)
/temps/3IF2.html (1 hits)
/temps/3IF41.html (1 hits)
/temps/index.html (1 hits)
/temps/MK.ics (1 hits)
/temps/4IF20.html (1 hits)