Entrez l'URL du serveur à analyser (de http à .extension) : /SiteWebIF/Intranet-etudiant.php (4 hits)
/notesif (2 hits)
/notesif/ (2 hits)
/temps/EA.ics (1 hits)
/SiteWebIF/Intranet-etudiant.php?ticket=ST-346504-bdJrG53aAbN0sfNWGJoX-dsi-vm03 (1 hits)
/temps/3IF1.ics (1 hits)
/SiteWebIF/Intranet-etudiant.php?ticket=ST-23686-Gw53nUKQOEDvduRvz6cR-dsi-vm04 (1 hits)
/ (1 hits)
