/temps/3IF38.html (2 hits)
/temps/4IF17.html (1 hits)
/temps/4IF16.html (1 hits)
/temps/3IF37.html (1 hits)
/temps/4IF20.html (1 hits)
/temps/FondInsa.jpg (1 hits)
/temps/InsaIF.ico (1 hits)
/temps/suivant.gif (1 hits)
/temps/style_emploi_du_temps.css (1 hits)
/temps/precedent.gif (1 hits)
