Entrez l'URL du serveur à analyser (de http à .extension) : /temps/FondInsa.jpg (1 hits)
