Entrez l'URL du serveur à analyser (de http à .extension) : /temps/4IF17.html (1 hits)
/temps/3IF38.html (1 hits)
/temps/4IF18.html (1 hits)
/temps/InsaIF.ico (1 hits)
/temps/4IF19.html (1 hits)
/temps/style_emploi_du_temps.css (1 hits)
/temps/4IF20.html (1 hits)
/temps/4IF16.html (1 hits)
/temps/ (1 hits)